Archive member included because of file (symbol)

c:/program files (x86)/gnu tools arm embedded/4.8 2014q2/bin/../lib/gcc/arm-none-eabi/4.8.4/armv7e-m\libgcc.a(_arm_addsubdf3.o)
                              ..\obj\bsp.o (__aeabi_i2d)
c:/program files (x86)/gnu tools arm embedded/4.8 2014q2/bin/../lib/gcc/arm-none-eabi/4.8.4/armv7e-m\libgcc.a(_arm_muldivdf3.o)
                              ..\obj\bsp.o (__aeabi_dmul)
c:/program files (x86)/gnu tools arm embedded/4.8 2014q2/bin/../lib/gcc/arm-none-eabi/4.8.4/armv7e-m\libgcc.a(_arm_fixunsdfsi.o)
                              ..\obj\bsp.o (__aeabi_d2uiz)
c:/program files (x86)/gnu tools arm embedded/4.8 2014q2/bin/../lib/gcc/arm-none-eabi/4.8.4/../../../../arm-none-eabi/lib/armv7e-m\libg.a(lib_a-sprintf.o)
                              ..\obj\main.o (sprintf)
c:/program files (x86)/gnu tools arm embedded/4.8 2014q2/bin/../lib/gcc/arm-none-eabi/4.8.4/../../../../arm-none-eabi/lib/armv7e-m\libg.a(lib_a-svfprintf.o)
                              c:/program files (x86)/gnu tools arm embedded/4.8 2014q2/bin/../lib/gcc/arm-none-eabi/4.8.4/../../../../arm-none-eabi/lib/armv7e-m\libg.a(lib_a-sprintf.o) (_svfprintf_r)
c:/program files (x86)/gnu tools arm embedded/4.8 2014q2/bin/../lib/gcc/arm-none-eabi/4.8.4/../../../../arm-none-eabi/lib/armv7e-m\libg.a(lib_a-dtoa.o)
                              c:/program files (x86)/gnu tools arm embedded/4.8 2014q2/bin/../lib/gcc/arm-none-eabi/4.8.4/../../../../arm-none-eabi/lib/armv7e-m\libg.a(lib_a-svfprintf.o) (_dtoa_r)
c:/program files (x86)/gnu tools arm embedded/4.8 2014q2/bin/../lib/gcc/arm-none-eabi/4.8.4/../../../../arm-none-eabi/lib/armv7e-m\libg.a(lib_a-impure.o)
                              c:/program files (x86)/gnu tools arm embedded/4.8 2014q2/bin/../lib/gcc/arm-none-eabi/4.8.4/../../../../arm-none-eabi/lib/armv7e-m\libg.a(lib_a-sprintf.o) (_impure_ptr)
c:/program files (x86)/gnu tools arm embedded/4.8 2014q2/bin/../lib/gcc/arm-none-eabi/4.8.4/../../../../arm-none-eabi/lib/armv7e-m\libg.a(lib_a-locale.o)
                              c:/program files (x86)/gnu tools arm embedded/4.8 2014q2/bin/../lib/gcc/arm-none-eabi/4.8.4/../../../../arm-none-eabi/lib/armv7e-m\libg.a(lib_a-svfprintf.o) (_localeconv_r)
c:/program files (x86)/gnu tools arm embedded/4.8 2014q2/bin/../lib/gcc/arm-none-eabi/4.8.4/../../../../arm-none-eabi/lib/armv7e-m\libg.a(lib_a-mallocr.o)
                              c:/program files (x86)/gnu tools arm embedded/4.8 2014q2/bin/../lib/gcc/arm-none-eabi/4.8.4/../../../../arm-none-eabi/lib/armv7e-m\libg.a(lib_a-svfprintf.o) (_malloc_r)
c:/program files (x86)/gnu tools arm embedded/4.8 2014q2/bin/../lib/gcc/arm-none-eabi/4.8.4/../../../../arm-none-eabi/lib/armv7e-m\libg.a(lib_a-memchr-stub.o)
                              c:/program files (x86)/gnu tools arm embedded/4.8 2014q2/bin/../lib/gcc/arm-none-eabi/4.8.4/../../../../arm-none-eabi/lib/armv7e-m\libg.a(lib_a-svfprintf.o) (memchr)
c:/program files (x86)/gnu tools arm embedded/4.8 2014q2/bin/../lib/gcc/arm-none-eabi/4.8.4/../../../../arm-none-eabi/lib/armv7e-m\libg.a(lib_a-memcpy.o)
                              c:/program files (x86)/gnu tools arm embedded/4.8 2014q2/bin/../lib/gcc/arm-none-eabi/4.8.4/../../../../arm-none-eabi/lib/armv7e-m\libg.a(lib_a-dtoa.o) (memcpy)
c:/program files (x86)/gnu tools arm embedded/4.8 2014q2/bin/../lib/gcc/arm-none-eabi/4.8.4/../../../../arm-none-eabi/lib/armv7e-m\libg.a(lib_a-mlock.o)
                              c:/program files (x86)/gnu tools arm embedded/4.8 2014q2/bin/../lib/gcc/arm-none-eabi/4.8.4/../../../../arm-none-eabi/lib/armv7e-m\libg.a(lib_a-mallocr.o) (__malloc_lock)
c:/program files (x86)/gnu tools arm embedded/4.8 2014q2/bin/../lib/gcc/arm-none-eabi/4.8.4/../../../../arm-none-eabi/lib/armv7e-m\libg.a(lib_a-mprec.o)
                              c:/program files (x86)/gnu tools arm embedded/4.8 2014q2/bin/../lib/gcc/arm-none-eabi/4.8.4/../../../../arm-none-eabi/lib/armv7e-m\libg.a(lib_a-dtoa.o) (_Balloc)
c:/program files (x86)/gnu tools arm embedded/4.8 2014q2/bin/../lib/gcc/arm-none-eabi/4.8.4/../../../../arm-none-eabi/lib/armv7e-m\libg.a(lib_a-s_fpclassify.o)
                              c:/program files (x86)/gnu tools arm embedded/4.8 2014q2/bin/../lib/gcc/arm-none-eabi/4.8.4/../../../../arm-none-eabi/lib/armv7e-m\libg.a(lib_a-svfprintf.o) (__fpclassifyd)
c:/program files (x86)/gnu tools arm embedded/4.8 2014q2/bin/../lib/gcc/arm-none-eabi/4.8.4/../../../../arm-none-eabi/lib/armv7e-m\libg.a(lib_a-sbrkr.o)
                              c:/program files (x86)/gnu tools arm embedded/4.8 2014q2/bin/../lib/gcc/arm-none-eabi/4.8.4/../../../../arm-none-eabi/lib/armv7e-m\libg.a(lib_a-mallocr.o) (_sbrk_r)
c:/program files (x86)/gnu tools arm embedded/4.8 2014q2/bin/../lib/gcc/arm-none-eabi/4.8.4/../../../../arm-none-eabi/lib/armv7e-m\libg.a(lib_a-strcmp.o)
[...]
Memory Configuration

Name             Origin             Length             Attributes
rom              0x08000000         0x00040000         xr
ram              0x20000000         0x00010000         xrw
*default*        0x00000000         0xffffffff

Linker script and memory map

                0x20010000                _eram = 0x20010000

.text           0x08000000     0x60e4
 *(.isr_vector)
 .isr_vector    0x08000000      0x188 ..\obj\startup_stm32f4xx.o
                0x08000000                g_pfnVectors
 *(.text*)
 .text.SYSCFG_EXTILineConfig
                0x08000188       0x7c ..\obj\stm32f4xx_syscfg.o
                0x08000188                SYSCFG_EXTILineConfig
 .text.USART_Init
                0x08000204      0x174 ..\obj\stm32f4xx_usart.o
                0x08000204                USART_Init
 .text.USART_Cmd
                0x08000378       0x40 ..\obj\stm32f4xx_usart.o
                0x08000378                USART_Cmd
 .text.USART_SendData
                0x080003b8       0x24 ..\obj\stm32f4xx_usart.o
                0x080003b8                USART_SendData
 .text.USART_GetFlagStatus
                0x080003dc       0x38 ..\obj\stm32f4xx_usart.o
                0x080003dc                USART_GetFlagStatus
 .text.Default_Reset_Handler
                0x08000414       0x5c ..\obj\startup_stm32f4xx.o
                0x08000414                Default_Reset_Handler
                0x08000414                Reset_Handler
 .text.Default_Handler
                0x08000470        0x8 ..\obj\startup_stm32f4xx.o
                0x08000470                RTC_Alarm_IRQHandler
                0x08000470                HASH_RNG_IRQHandler
                0x08000470                EXTI2_IRQHandler
                0x08000470                TIM8_CC_IRQHandler
                0x08000470                DebugMon_Handler
                0x08000470                TIM1_CC_IRQHandler
                0x08000470                DMA2_Stream5_IRQHandler
                0x08000470                HardFault_Handler
                0x08000470                DMA1_Stream5_IRQHandler
                0x08000470                SysTick_Handler
                0x08000470                PVD_IRQHandler
                0x08000470                SDIO_IRQHandler
                0x08000470                TAMP_STAMP_IRQHandler
                0x08000470                PendSV_Handler
                0x08000470                NMI_Handler
                0x08000470                CAN2_RX1_IRQHandler
                0x08000470                EXTI3_IRQHandler
                0x08000470                TIM8_TRG_COM_TIM14_IRQHandler
                0x08000470                TIM1_UP_TIM10_IRQHandler
                0x08000470                TIM8_UP_TIM13_IRQHandler
                0x08000470                I2C3_ER_IRQHandler
                0x08000470                I2C2_EV_IRQHandler
                0x08000470                DMA1_Stream2_IRQHandler
                0x08000470                CAN1_RX0_IRQHandler
                0x08000470                FPU_IRQHandler
                0x08000470                OTG_HS_WKUP_IRQHandler
                0x08000470                UsageFault_Handler
                0x08000470                CAN2_SCE_IRQHandler
                0x08000470                DMA2_Stream2_IRQHandler
                0x08000470                SPI1_IRQHandler
                0x08000470                TIM6_DAC_IRQHandler
                0x08000470                TIM1_BRK_TIM9_IRQHandler
                0x08000470                DCMI_IRQHandler
                0x08000470                CAN2_RX0_IRQHandler
                0x08000470                DMA2_Stream3_IRQHandler
                0x08000470                USART6_IRQHandler
                0x08000470                USART3_IRQHandler
                0x08000470                CRYP_IRQHandler
                0x08000470                CAN1_RX1_IRQHandler
                0x08000470                UART5_IRQHandler
                0x08000470                DMA2_Stream0_IRQHandler
                0x08000470                TIM4_IRQHandler
                0x08000470                I2C1_EV_IRQHandler
                0x08000470                DMA1_Stream6_IRQHandler
                0x08000470                DMA1_Stream1_IRQHandler
                0x08000470                UART4_IRQHandler
                0x08000470                TIM3_IRQHandler
                0x08000470                RCC_IRQHandler
                0x08000470                TIM8_BRK_TIM12_IRQHandler
                0x08000470                EXTI15_10_IRQHandler
                0x08000470                ADC_IRQHandler
                0x08000470                DMA1_Stream7_IRQHandler
                0x08000470                TIM7_IRQHandler
                0x08000470                CAN2_TX_IRQHandler
                0x08000470                TIM5_IRQHandler
                0x08000470                DMA2_Stream7_IRQHandler
                0x08000470                I2C3_EV_IRQHandler
                0x08000470                EXTI9_5_IRQHandler
                0x08000470                RTC_WKUP_IRQHandler
                0x08000470                ETH_WKUP_IRQHandler
                0x08000470                SPI2_IRQHandler
                0x08000470                OTG_HS_EP1_IN_IRQHandler
                0x08000470                MemManage_Handler
                0x08000470                DMA1_Stream0_IRQHandler
                0x08000470                CAN1_TX_IRQHandler
                0x08000470                SVC_Handler
                0x08000470                EXTI4_IRQHandler
                0x08000470                FSMC_IRQHandler
                0x08000470                ETH_IRQHandler
                0x08000470                OTG_HS_EP1_OUT_IRQHandler
                0x08000470                WWDG_IRQHandler
                0x08000470                OTG_FS_WKUP_IRQHandler
                0x08000470                TIM1_TRG_COM_TIM11_IRQHandler
                0x08000470                OTG_HS_IRQHandler
                0x08000470                EXTI1_IRQHandler
                0x08000470                USART2_IRQHandler
                0x08000470                I2C2_ER_IRQHandler
                0x08000470                DMA2_Stream1_IRQHandler
                0x08000470                CAN1_SCE_IRQHandler
                0x08000470                FLASH_IRQHandler
                0x08000470                DMA2_Stream4_IRQHandler
                0x08000470                BusFault_Handler
                0x08000470                USART1_IRQHandler
                0x08000470                OTG_FS_IRQHandler
                0x08000470                SPI3_IRQHandler
                0x08000470                DMA1_Stream4_IRQHandler
                0x08000470                I2C1_ER_IRQHandler
                0x08000470                DMA2_Stream6_IRQHandler
                0x08000470                DMA1_Stream3_IRQHandler
 .text.main     0x08000478       0x9c ..\obj\main.o
                0x08000478                main
 .text.delay    0x08000514       0x20 ..\obj\main.o
                0x08000514                delay
 .text.APP_ISR_sw
                0x08000534        0xc ..\obj\main.o
                0x08000534                APP_ISR_sw
 .text.RCC_GetClocksFreq
                0x08000540      0x154 ..\obj\stm32f4xx_rcc.o
                0x08000540                RCC_GetClocksFreq
 .text.RCC_AHB1PeriphClockCmd
                0x08000694       0x3c ..\obj\stm32f4xx_rcc.o
                0x08000694                RCC_AHB1PeriphClockCmd
 .text.RCC_APB1PeriphClockCmd
                0x080006d0       0x3c ..\obj\stm32f4xx_rcc.o
                0x080006d0                RCC_APB1PeriphClockCmd
 .text.RCC_APB2PeriphClockCmd
                0x0800070c       0x3c ..\obj\stm32f4xx_rcc.o
                0x0800070c                RCC_APB2PeriphClockCmd
 .text.ADC_Init
                0x08000748       0xa8 ..\obj\stm32f4xx_adc.o
                0x08000748                ADC_Init
 .text.ADC_StructInit
                0x080007f0       0x3c ..\obj\stm32f4xx_adc.o
                0x080007f0                ADC_StructInit
 .text.ADC_CommonInit
                0x0800082c       0x50 ..\obj\stm32f4xx_adc.o
                0x0800082c                ADC_CommonInit
 .text.ADC_CommonStructInit
                0x0800087c       0x2c ..\obj\stm32f4xx_adc.o
                0x0800087c                ADC_CommonStructInit
 .text.ADC_Cmd  0x080008a8       0x38 ..\obj\stm32f4xx_adc.o
                0x080008a8                ADC_Cmd
 .text.ADC_RegularChannelConfig
                0x080008e0      0x188 ..\obj\stm32f4xx_adc.o
                0x080008e0                ADC_RegularChannelConfig
 .text.ADC_SoftwareStartConv
                0x08000a68       0x20 ..\obj\stm32f4xx_adc.o
                0x08000a68                ADC_SoftwareStartConv
 .text.ADC_GetConversionValue
                0x08000a88       0x1c ..\obj\stm32f4xx_adc.o
                0x08000a88                ADC_GetConversionValue
 .text.ADC_GetFlagStatus
                0x08000aa4       0x34 ..\obj\stm32f4xx_adc.o
                0x08000aa4                ADC_GetFlagStatus
 .text.GPIO_Init
                0x08000ad8      0x11c ..\obj\stm32f4xx_gpio.o
                0x08000ad8                GPIO_Init
 .text.GPIO_StructInit
                0x08000bf4       0x34 ..\obj\stm32f4xx_gpio.o
                0x08000bf4                GPIO_StructInit
 .text.GPIO_SetBits
                0x08000c28       0x1c ..\obj\stm32f4xx_gpio.o
                0x08000c28                GPIO_SetBits
 .text.GPIO_ResetBits
                0x08000c44       0x1c ..\obj\stm32f4xx_gpio.o
                0x08000c44                GPIO_ResetBits
 .text.GPIO_PinAFConfig
                0x08000c60       0x8c ..\obj\stm32f4xx_gpio.o
                0x08000c60                GPIO_PinAFConfig
 .text._sbrk    0x08000cec       0x40 ..\obj\syscalls.o
                0x08000cec                _sbrk
 .text.led_on   0x08000d2c       0x30 ..\obj\bsp.o
                0x08000d2c                led_on
 .text.led_off  0x08000d5c       0x30 ..\obj\bsp.o
                0x08000d5c                led_off
 .text.uart_tx  0x08000d8c       0x30 ..\obj\bsp.o
                0x08000d8c                uart_tx
 *fill*         0x08000dbc        0x4 
 .text.vumetro  0x08000dc0       0x58 ..\obj\bsp.o
                0x08000dc0                vumetro
 .text.nivel_pote
                0x08000e18       0x28 ..\obj\bsp.o
                0x08000e18                nivel_pote
 .text.EXTI0_IRQHandler
                0x08000e40       0x1c ..\obj\bsp.o
                0x08000e40                EXTI0_IRQHandler
 .text.TIM2_IRQHandler
                0x08000e5c       0x3c ..\obj\bsp.o
                0x08000e5c                TIM2_IRQHandler
 .text.bsp_init
                0x08000e98       0x1c ..\obj\bsp.o
                0x08000e98                bsp_init
 .text.bsp_led_init
                0x08000eb4       0x40 ..\obj\bsp.o
                0x08000eb4                bsp_led_init
 .text.bsp_sw_init
                0x08000ef4       0x74 ..\obj\bsp.o
                0x08000ef4                bsp_sw_init
 .text.bsp_timer_config
                0x08000f68       0x60 ..\obj\bsp.o
                0x08000f68                bsp_timer_config
 .text.bsp_init_adc
                0x08000fc8       0x90 ..\obj\bsp.o
                0x08000fc8                bsp_init_adc
 .text.read_adc
                0x08001058       0x38 ..\obj\bsp.o
                0x08001058                read_adc
 .text.bsp_init_usart
                0x08001090       0x9c ..\obj\bsp.o
                0x08001090                bsp_init_usart
 .text.EXTI_Init
                0x0800112c       0xdc ..\obj\stm32f4xx_exti.o
                0x0800112c                EXTI_Init
 .text.EXTI_ClearFlag
                0x08001208       0x1c ..\obj\stm32f4xx_exti.o
                0x08001208                EXTI_ClearFlag
 .text.EXTI_GetITStatus
                0x08001224       0x48 ..\obj\stm32f4xx_exti.o
                0x08001224                EXTI_GetITStatus
 .text.NVIC_Init
                0x0800126c       0xbc ..\obj\misc.o
                0x0800126c                NVIC_Init
 .text.TIM_TimeBaseInit
                0x08001328       0xd4 ..\obj\stm32f4xx_tim.o
                0x08001328                TIM_TimeBaseInit
 .text.TIM_Cmd  0x080013fc       0x40 ..\obj\stm32f4xx_tim.o
                0x080013fc                TIM_Cmd
 .text.TIM_ITConfig
                0x0800143c       0x48 ..\obj\stm32f4xx_tim.o
                0x0800143c                TIM_ITConfig
 .text.TIM_GetITStatus
                0x08001484       0x54 ..\obj\stm32f4xx_tim.o
                0x08001484                TIM_GetITStatus
 .text.TIM_ClearITPendingBit
                0x080014d8       0x20 ..\obj\stm32f4xx_tim.o
                0x080014d8                TIM_ClearITPendingBit
 .text          0x080014f8      0x370 c:/program files (x86)/gnu tools arm embedded/4.8 2014q2/bin/../lib/gcc/arm-none-eabi/4.8.4/armv7e-m\libgcc.a(_arm_addsubdf3.o)
                0x080014f8                __aeabi_drsub
                0x08001500                __aeabi_dsub
                0x08001500                __subdf3
                0x08001504                __aeabi_dadd
                0x08001504                __adddf3
                0x0800177c                __floatunsidf
                0x0800177c                __aeabi_ui2d
                0x0800179c                __floatsidf
                0x0800179c                __aeabi_i2d
                0x080017c0                __aeabi_f2d
                0x080017c0                __extendsfdf2
                0x080017fc                __floatundidf
                0x080017fc                __aeabi_ul2d
                0x0800180c                __floatdidf
                0x0800180c                __aeabi_l2d
 .text          0x08001868      0x424 c:/program files (x86)/gnu tools arm embedded/4.8 2014q2/bin/../lib/gcc/arm-none-eabi/4.8.4/armv7e-m\libgcc.a(_arm_muldivdf3.o)
                0x08001868                __aeabi_dmul
                0x08001868                __muldf3
                0x08001abc                __divdf3
                0x08001abc                __aeabi_ddiv
 .text          0x08001c8c       0x40 c:/program files (x86)/gnu tools arm embedded/4.8 2014q2/bin/../lib/gcc/arm-none-eabi/4.8.4/armv7e-m\libgcc.a(_arm_fixunsdfsi.o)
                0x08001c8c                __aeabi_d2uiz
                0x08001c8c                __fixunsdfsi
 .text.sprintf  0x08001ccc       0x4c c:/program files (x86)/gnu tools arm embedded/4.8 2014q2/bin/../lib/gcc/arm-none-eabi/4.8.4/../../../../arm-none-eabi/lib/armv7e-m\libg.a(lib_a-sprintf.o)
                0x08001ccc                sprintf
 .text._svfprintf_r
                0x08001d18     0x14f8 c:/program files (x86)/gnu tools arm embedded/4.8 2014q2/bin/../lib/gcc/arm-none-eabi/4.8.4/../../../../arm-none-eabi/lib/armv7e-m\libg.a(lib_a-svfprintf.o)
                0x08001d18                _svfprintf_r
 .text.quorem   0x08003210      0x130 c:/program files (x86)/gnu tools arm embedded/4.8 2014q2/bin/../lib/gcc/arm-none-eabi/4.8.4/../../../../arm-none-eabi/lib/armv7e-m\libg.a(lib_a-dtoa.o)
 .text._dtoa_r  0x08003340      0xe38 c:/program files (x86)/gnu tools arm embedded/4.8 2014q2/bin/../lib/gcc/arm-none-eabi/4.8.4/../../../../arm-none-eabi/lib/armv7e-m\libg.a(lib_a-dtoa.o)
                0x08003340                _dtoa_r
 .text._localeconv_r
                0x08004178        0x8 c:/program files (x86)/gnu tools arm embedded/4.8 2014q2/bin/../lib/gcc/arm-none-eabi/4.8.4/../../../../arm-none-eabi/lib/armv7e-m\libg.a(lib_a-locale.o)
                0x08004178                _localeconv_r
 .text._malloc_r
                0x08004180      0x538 c:/program files (x86)/gnu tools arm embedded/4.8 2014q2/bin/../lib/gcc/arm-none-eabi/4.8.4/../../../../arm-none-eabi/lib/armv7e-m\libg.a(lib_a-mallocr.o)
                0x08004180                _malloc_r
 .text.memchr   0x080046b8       0x90 c:/program files (x86)/gnu tools arm embedded/4.8 2014q2/bin/../lib/gcc/arm-none-eabi/4.8.4/../../../../arm-none-eabi/lib/armv7e-m\libg.a(lib_a-memchr-stub.o)
                0x080046b8                memchr
 .text          0x08004748      0x134 c:/program files (x86)/gnu tools arm embedded/4.8 2014q2/bin/../lib/gcc/arm-none-eabi/4.8.4/../../../../arm-none-eabi/lib/armv7e-m\libg.a(lib_a-memcpy.o)
                0x08004748                memcpy
 .text.__malloc_lock
                0x0800487c        0x4 c:/program files (x86)/gnu tools arm embedded/4.8 2014q2/bin/../lib/gcc/arm-none-eabi/4.8.4/../../../../arm-none-eabi/lib/armv7e-m\libg.a(lib_a-mlock.o)
                0x0800487c                __malloc_lock
 .text.__malloc_unlock
                0x08004880        0x4 c:/program files (x86)/gnu tools arm embedded/4.8 2014q2/bin/../lib/gcc/arm-none-eabi/4.8.4/../../../../arm-none-eabi/lib/armv7e-m\libg.a(lib_a-mlock.o)
                0x08004880                __malloc_unlock
 .text._Balloc  0x08004884       0x4c c:/program files (x86)/gnu tools arm embedded/4.8 2014q2/bin/../lib/gcc/arm-none-eabi/4.8.4/../../../../arm-none-eabi/lib/armv7e-m\libg.a(lib_a-mprec.o)
                0x08004884                _Balloc
 .text._Bfree   0x080048d0       0x14 c:/program files (x86)/gnu tools arm embedded/4.8 2014q2/bin/../lib/gcc/arm-none-eabi/4.8.4/../../../../arm-none-eabi/lib/armv7e-m\libg.a(lib_a-mprec.o)
                0x080048d0                _Bfree
 .text.__multadd
                0x080048e4       0x98 c:/program files (x86)/gnu tools arm embedded/4.8 2014q2/bin/../lib/gcc/arm-none-eabi/4.8.4/../../../../arm-none-eabi/lib/armv7e-m\libg.a(lib_a-mprec.o)
                0x080048e4                __multadd
 .text.__hi0bits
                0x0800497c       0x40 c:/program files (x86)/gnu tools arm embedded/4.8 2014q2/bin/../lib/gcc/arm-none-eabi/4.8.4/../../../../arm-none-eabi/lib/armv7e-m\libg.a(lib_a-mprec.o)
                0x0800497c                __hi0bits
 .text.__lo0bits
                0x080049bc       0x5c c:/program files (x86)/gnu tools arm embedded/4.8 2014q2/bin/../lib/gcc/arm-none-eabi/4.8.4/../../../../arm-none-eabi/lib/armv7e-m\libg.a(lib_a-mprec.o)
                0x080049bc                __lo0bits
 .text.__i2b    0x08004a18       0x14 c:/program files (x86)/gnu tools arm embedded/4.8 2014q2/bin/../lib/gcc/arm-none-eabi/4.8.4/../../../../arm-none-eabi/lib/armv7e-m\libg.a(lib_a-mprec.o)
                0x08004a18                __i2b
 .text.__multiply
                0x08004a2c      0x13c c:/program files (x86)/gnu tools arm embedded/4.8 2014q2/bin/../lib/gcc/arm-none-eabi/4.8.4/../../../../arm-none-eabi/lib/armv7e-m\libg.a(lib_a-mprec.o)
                0x08004a2c                __multiply
 .text.__pow5mult
                0x08004b68       0x9c c:/program files (x86)/gnu tools arm embedded/4.8 2014q2/bin/../lib/gcc/arm-none-eabi/4.8.4/../../../../arm-none-eabi/lib/armv7e-m\libg.a(lib_a-mprec.o)
                0x08004b68                __pow5mult
 .text.__lshift
                0x08004c04       0xbc c:/program files (x86)/gnu tools arm embedded/4.8 2014q2/bin/../lib/gcc/arm-none-eabi/4.8.4/../../../../arm-none-eabi/lib/armv7e-m\libg.a(lib_a-mprec.o)
                0x08004c04                __lshift
 .text.__mcmp   0x08004cc0       0x48 c:/program files (x86)/gnu tools arm embedded/4.8 2014q2/bin/../lib/gcc/arm-none-eabi/4.8.4/../../../../arm-none-eabi/lib/armv7e-m\libg.a(lib_a-mprec.o)
                0x08004cc0                __mcmp
 .text.__mdiff  0x08004d08       0xd4 c:/program files (x86)/gnu tools arm embedded/4.8 2014q2/bin/../lib/gcc/arm-none-eabi/4.8.4/../../../../arm-none-eabi/lib/armv7e-m\libg.a(lib_a-mprec.o)
                0x08004d08                __mdiff
 .text.__d2b    0x08004ddc       0xbc c:/program files (x86)/gnu tools arm embedded/4.8 2014q2/bin/../lib/gcc/arm-none-eabi/4.8.4/../../../../arm-none-eabi/lib/armv7e-m\libg.a(lib_a-mprec.o)
                0x08004ddc                __d2b
 .text.__fpclassifyd
                0x08004e98       0x50 c:/program files (x86)/gnu tools arm embedded/4.8 2014q2/bin/../lib/gcc/arm-none-eabi/4.8.4/../../../../arm-none-eabi/lib/armv7e-m\libg.a(lib_a-s_fpclassify.o)
                0x08004e98                __fpclassifyd
 .text._sbrk_r  0x08004ee8       0x24 c:/program files (x86)/gnu tools arm embedded/4.8 2014q2/bin/../lib/gcc/arm-none-eabi/4.8.4/../../../../arm-none-eabi/lib/armv7e-m\libg.a(lib_a-sbrkr.o)
                0x08004ee8                _sbrk_r
 .text.strlen   0x08004f0c       0x60 c:/program files (x86)/gnu tools arm embedded/4.8 2014q2/bin/../lib/gcc/arm-none-eabi/4.8.4/../../../../arm-none-eabi/lib/armv7e-m\libg.a(lib_a-strlen.o)
                0x08004f0c                strlen
 .text.__ssprint_r
                0x08004f6c      0x100 c:/program files (x86)/gnu tools arm embedded/4.8 2014q2/bin/../lib/gcc/arm-none-eabi/4.8.4/../../../../arm-none-eabi/lib/armv7e-m\libg.a(lib_a-svfiprintf.o)
                0x08004f6c                __ssprint_r
 .text._calloc_r
                0x0800506c       0x60 c:/program files (x86)/gnu tools arm embedded/4.8 2014q2/bin/../lib/gcc/arm-none-eabi/4.8.4/../../../../arm-none-eabi/lib/armv7e-m\libg.a(lib_a-callocr.o)
                0x0800506c                _calloc_r
 .text._malloc_trim_r
                0x080050cc       0x9c c:/program files (x86)/gnu tools arm embedded/4.8 2014q2/bin/../lib/gcc/arm-none-eabi/4.8.4/../../../../arm-none-eabi/lib/armv7e-m\libg.a(lib_a-freer.o)
                0x080050cc                _malloc_trim_r
 .text._free_r  0x08005168      0x19c c:/program files (x86)/gnu tools arm embedded/4.8 2014q2/bin/../lib/gcc/arm-none-eabi/4.8.4/../../../../arm-none-eabi/lib/armv7e-m\libg.a(lib_a-freer.o)
                0x08005168                _free_r
 .text.memmove  0x08005304       0xc0 c:/program files (x86)/gnu tools arm embedded/4.8 2014q2/bin/../lib/gcc/arm-none-eabi/4.8.4/../../../../arm-none-eabi/lib/armv7e-m\libg.a(lib_a-memmove.o)
                0x08005304                memmove
 .text.memset   0x080053c4       0x94 c:/program files (x86)/gnu tools arm embedded/4.8 2014q2/bin/../lib/gcc/arm-none-eabi/4.8.4/../../../../arm-none-eabi/lib/armv7e-m\libg.a(lib_a-memset.o)
                0x080053c4                memset
 .text._realloc_r
                0x08005458      0x3cc c:/program files (x86)/gnu tools arm embedded/4.8 2014q2/bin/../lib/gcc/arm-none-eabi/4.8.4/../../../../arm-none-eabi/lib/armv7e-m\libg.a(lib_a-reallocr.o)
                0x08005458                _realloc_r
 .text          0x08005824      0x110 c:/program files (x86)/gnu tools arm embedded/4.8 2014q2/bin/../lib/gcc/arm-none-eabi/4.8.4/armv7e-m\libgcc.a(_arm_cmpdf2.o)
                0x08005824                __gtdf2
                0x08005824                __gedf2
                0x0800582c                __ltdf2
                0x0800582c                __ledf2
                0x08005834                __nedf2
                0x08005834                __eqdf2
                0x08005834                __cmpdf2
                0x080058b0                __aeabi_cdrcmple
                0x080058c0                __aeabi_cdcmpeq
                0x080058c0                __aeabi_cdcmple
                0x080058d0                __aeabi_dcmpeq
                0x080058e4                __aeabi_dcmplt
                0x080058f8                __aeabi_dcmple
                0x0800590c                __aeabi_dcmpge
                0x08005920                __aeabi_dcmpgt
 .text          0x08005934       0x50 c:/program files (x86)/gnu tools arm embedded/4.8 2014q2/bin/../lib/gcc/arm-none-eabi/4.8.4/armv7e-m\libgcc.a(_arm_fixdfsi.o)
                0x08005934                __aeabi_d2iz
                0x08005934                __fixdfsi
 .text          0x08005984       0x2c c:/program files (x86)/gnu tools arm embedded/4.8 2014q2/bin/../lib/gcc/arm-none-eabi/4.8.4/armv7e-m\libgcc.a(_aeabi_uldivmod.o)
                0x08005984                __aeabi_uldivmod
 .text          0x080059b0       0x60 c:/program files (x86)/gnu tools arm embedded/4.8 2014q2/bin/../lib/gcc/arm-none-eabi/4.8.4/armv7e-m\libgcc.a(bpabi.o)
                0x080059b0                __gnu_ldivmod_helper
                0x080059e0                __gnu_uldivmod_helper
 .text          0x08005a10        0x4 c:/program files (x86)/gnu tools arm embedded/4.8 2014q2/bin/../lib/gcc/arm-none-eabi/4.8.4/armv7e-m\libgcc.a(_dvmd_tls.o)
                0x08005a10                __aeabi_idiv0
                0x08005a10                __aeabi_ldiv0
 .text          0x08005a14      0x298 c:/program files (x86)/gnu tools arm embedded/4.8 2014q2/bin/../lib/gcc/arm-none-eabi/4.8.4/armv7e-m\libgcc.a(_divdi3.o)
                0x08005a14                __divdi3
 .text          0x08005cac      0x284 c:/program files (x86)/gnu tools arm embedded/4.8 2014q2/bin/../lib/gcc/arm-none-eabi/4.8.4/armv7e-m\libgcc.a(_udivdi3.o)
                0x08005cac                __udivdi3
 *(.init)
 *(.fini)
 *crtbegin.o(.ctors)
 *crtbegin?.o(.ctors)
 *(EXCLUDE_FILE(*crtend.o *crtend?.o) .ctors)
 *(SORT(.ctors.*))
 *(.ctors)
 *crtbegin.o(.dtors)
 *crtbegin?.o(.dtors)
 *(EXCLUDE_FILE(*crtend.o *crtend?.o) .dtors)
 *(SORT(.dtors.*))
 *(.dtors)
 *(.rodata*)
 .rodata        0x08005f30       0x1c ..\obj\main.o
 .rodata        0x08005f4c       0x18 ..\obj\bsp.o
                0x08005f4c                leds
 .rodata.zeroes.6763
                0x08005f64       0x10 c:/program files (x86)/gnu tools arm embedded/4.8 2014q2/bin/../lib/gcc/arm-none-eabi/4.8.4/../../../../arm-none-eabi/lib/armv7e-m\libg.a(lib_a-svfprintf.o)
 .rodata.str1.4
                0x08005f74       0x42 c:/program files (x86)/gnu tools arm embedded/4.8 2014q2/bin/../lib/gcc/arm-none-eabi/4.8.4/../../../../arm-none-eabi/lib/armv7e-m\libg.a(lib_a-svfprintf.o)
                                 0x44 (size before relaxing)
 *fill*         0x08005fb6        0x2 
 .rodata.blanks.6762
                0x08005fb8       0x10 c:/program files (x86)/gnu tools arm embedded/4.8 2014q2/bin/../lib/gcc/arm-none-eabi/4.8.4/../../../../arm-none-eabi/lib/armv7e-m\libg.a(lib_a-svfprintf.o)
 .rodata.str1.4
                0x08005fc8       0x10 c:/program files (x86)/gnu tools arm embedded/4.8 2014q2/bin/../lib/gcc/arm-none-eabi/4.8.4/../../../../arm-none-eabi/lib/armv7e-m\libg.a(lib_a-dtoa.o)
                                 0x14 (size before relaxing)
 .rodata.str1.4
                0x08005fd8        0x2 c:/program files (x86)/gnu tools arm embedded/4.8 2014q2/bin/../lib/gcc/arm-none-eabi/4.8.4/../../../../arm-none-eabi/lib/armv7e-m\libg.a(lib_a-impure.o)
                                  0x4 (size before relaxing)
 *fill*         0x08005fda        0x2 
 .rodata.str1.4
                0x08005fdc        0xc c:/program files (x86)/gnu tools arm embedded/4.8 2014q2/bin/../lib/gcc/arm-none-eabi/4.8.4/../../../../arm-none-eabi/lib/armv7e-m\libg.a(lib_a-locale.o)
                                 0x14 (size before relaxing)
 .rodata.__mprec_tens
                0x08005fe8       0xc8 c:/program files (x86)/gnu tools arm embedded/4.8 2014q2/bin/../lib/gcc/arm-none-eabi/4.8.4/../../../../arm-none-eabi/lib/armv7e-m\libg.a(lib_a-mprec.o)
                0x08005fe8                __mprec_tens
 .rodata.__mprec_bigtens
                0x080060b0       0x28 c:/program files (x86)/gnu tools arm embedded/4.8 2014q2/bin/../lib/gcc/arm-none-eabi/4.8.4/../../../../arm-none-eabi/lib/armv7e-m\libg.a(lib_a-mprec.o)
                0x080060b0                __mprec_bigtens
 .rodata.p05.5269
                0x080060d8        0xc c:/program files (x86)/gnu tools arm embedded/4.8 2014q2/bin/../lib/gcc/arm-none-eabi/4.8.4/../../../../arm-none-eabi/lib/armv7e-m\libg.a(lib_a-mprec.o)
 *(.eh_fram e*)

.glue_7         0x080060e4        0x0
 .glue_7        0x00000000        0x0 linker stubs

.glue_7t        0x080060e4        0x0
 .glue_7t       0x00000000        0x0 linker stubs

.vfp11_veneer   0x080060e4        0x0
 .vfp11_veneer  0x00000000        0x0 linker stubs

.v4_bx          0x080060e4        0x0
 .v4_bx         0x00000000        0x0 linker stubs

.iplt           0x080060e4        0x0
 .iplt          0x00000000        0x0 ..\obj\stm32f4xx_syscfg.o

.ARM.extab
 *(.ARM.extab* .gnu.linkonce.armextab.*)
                0x080060e4                __exidx_start = .

.ARM.exidx      0x080060e4        0x8
 *(.ARM.exidx* .gnu.linkonce.armexidx.*)
 .ARM.exidx     0x080060e4        0x8 c:/program files (x86)/gnu tools arm embedded/4.8 2014q2/bin/../lib/gcc/arm-none-eabi/4.8.4/armv7e-m\libgcc.a(_divdi3.o)
 .ARM.exidx     0x080060ec        0x0 c:/program files (x86)/gnu tools arm embedded/4.8 2014q2/bin/../lib/gcc/arm-none-eabi/4.8.4/armv7e-m\libgcc.a(_udivdi3.o)
                                  0x8 (size before relaxing)
                0x080060ec                __exidx_end = .
                0x080060ec                __etext = .
                0x080060ec                _sidata = __etext

.rel.dyn        0x080060ec        0x0
 .rel.iplt      0x00000000        0x0 ..\obj\stm32f4xx_syscfg.o

.data           0x20000000      0x8b4 load address 0x080060ec
                0x20000000                __data_start__ = .
                0x20000000                _sdata = __data_start__
 *(vtable)
 *(.data*)
 .data          0x20000000       0x10 ..\obj\stm32f4xx_rcc.o
 .data          0x20000010       0x30 ..\obj\bsp.o
                0x20000010                leds_port
 .data.impure_data
                0x20000040      0x428 c:/program files (x86)/gnu tools arm embedded/4.8 2014q2/bin/../lib/gcc/arm-none-eabi/4.8.4/../../../../arm-none-eabi/lib/armv7e-m\libg.a(lib_a-impure.o)
 .data._impure_ptr
                0x20000468        0x4 c:/program files (x86)/gnu tools arm embedded/4.8 2014q2/bin/../lib/gcc/arm-none-eabi/4.8.4/../../../../arm-none-eabi/lib/armv7e-m\libg.a(lib_a-impure.o)
                0x20000468                _impure_ptr
 .data.lconv    0x2000046c       0x38 c:/program files (x86)/gnu tools arm embedded/4.8 2014q2/bin/../lib/gcc/arm-none-eabi/4.8.4/../../../../arm-none-eabi/lib/armv7e-m\libg.a(lib_a-locale.o)
 .data.__malloc_av_
                0x200004a4      0x408 c:/program files (x86)/gnu tools arm embedded/4.8 2014q2/bin/../lib/gcc/arm-none-eabi/4.8.4/../../../../arm-none-eabi/lib/armv7e-m\libg.a(lib_a-mallocr.o)
                0x200004a4                __malloc_av_
 .data.__malloc_trim_threshold
                0x200008ac        0x4 c:/program files (x86)/gnu tools arm embedded/4.8 2014q2/bin/../lib/gcc/arm-none-eabi/4.8.4/../../../../arm-none-eabi/lib/armv7e-m\libg.a(lib_a-mallocr.o)
                0x200008ac                __malloc_trim_threshold
 .data.__malloc_sbrk_base
                0x200008b0        0x4 c:/program files (x86)/gnu tools arm embedded/4.8 2014q2/bin/../lib/gcc/arm-none-eabi/4.8.4/../../../../arm-none-eabi/lib/armv7e-m\libg.a(lib_a-mallocr.o)
                0x200008b0                __malloc_sbrk_base
                0x200008b4                . = ALIGN (0x4)
                0x200008b4                PROVIDE (__preinit_array_start, .)
 *(.preinit_array)
                0x200008b4                PROVIDE (__preinit_array_end, .)
                0x200008b4                . = ALIGN (0x4)
                0x200008b4                PROVIDE (__init_array_start, .)
 *(SORT(.init_array.*))
 *(.init_array)
                0x200008b4                PROVIDE (__init_array_end, .)
                0x200008b4                . = ALIGN (0x4)
                0x200008b4                PROVIDE (__fini_array_start, .)
 *(SORT(.fini_array.*))
 *(.fini_array)
                0x200008b4                PROVIDE (__fini_array_end, .)
 *(.jcr*)
                0x200008b4                . = ALIGN (0x4)
                0x200008b4                __data_end__ = .
                0x200008b4                _edata = __data_end__

.igot.plt       0x200008b4        0x0 load address 0x080069a0
 .igot.plt      0x00000000        0x0 ..\obj\stm32f4xx_syscfg.o

.bss            0x200008b4       0x40 load address 0x080069a0
                0x200008b4                . = ALIGN (0x4)
                0x200008b4                __bss_start__ = .
                0x200008b4                _sbss = __bss_start__
 *(.bss*)
 .bss           0x200008b4        0x4 ..\obj\syscalls.o
 .bss           0x200008b8        0x2 ..\obj\bsp.o
                0x200008b8                bsp_count_ms
 *fill*         0x200008ba        0x2 
 .bss.__malloc_max_total_mem
                0x200008bc        0x4 c:/program files (x86)/gnu tools arm embedded/4.8 2014q2/bin/../lib/gcc/arm-none-eabi/4.8.4/../../../../arm-none-eabi/lib/armv7e-m\libg.a(lib_a-mallocr.o)
                0x200008bc                __malloc_max_total_mem
 .bss.__malloc_max_sbrked_mem
                0x200008c0        0x4 c:/program files (x86)/gnu tools arm embedded/4.8 2014q2/bin/../lib/gcc/arm-none-eabi/4.8.4/../../../../arm-none-eabi/lib/armv7e-m\libg.a(lib_a-mallocr.o)
                0x200008c0                __malloc_max_sbrked_mem
 .bss.__malloc_top_pad
                0x200008c4        0x4 c:/program files (x86)/gnu tools arm embedded/4.8 2014q2/bin/../lib/gcc/arm-none-eabi/4.8.4/../../../../arm-none-eabi/lib/armv7e-m\libg.a(lib_a-mallocr.o)
                0x200008c4                __malloc_top_pad
 .bss.__malloc_current_mallinfo
                0x200008c8       0x28 c:/program files (x86)/gnu tools arm embedded/4.8 2014q2/bin/../lib/gcc/arm-none-eabi/4.8.4/../../../../arm-none-eabi/lib/armv7e-m\libg.a(lib_a-mallocr.o)
                0x200008c8                __malloc_current_mallinfo
 *(COMMON)
 COMMON         0x200008f0        0x4 c:/program files (x86)/gnu tools arm embedded/4.8 2014q2/bin/../lib/gcc/arm-none-eabi/4.8.4/../../../../arm-none-eabi/lib/armv7e-m\libg.a(lib_a-reent.o)
                0x200008f0                errno
                0x200008f4                . = ALIGN (0x4)
                0x200008f4                __bss_end__ = .
                0x200008f4                _ebss = __bss_end__

.heap           0x200008f4        0x0
                0x200008f4                __end__ = .
                0x200008f4                _end = __end__
                0x200008f4                end = __end__
 *(.heap*)
                0x200008f4                __HeapLimit = .

.co_stack       0x200008f4      0x804 load address 0x080069e0
                0x200008f8                . = ALIGN (0x8)
 *fill*         0x200008f4        0x4 
 *(.co_stack .co_stack.*)
 .co_stack      0x200008f8      0x800 ..\obj\startup_stm32f4xx.o
                0x200008f8                pulStack
                0x20010000                __StackTop = (ORIGIN (ram) + 0x10000)
                0x2000f7fc                __StackLimit = (__StackTop - SIZEOF (.co_stack))
                0x20010000                PROVIDE (__stack, __StackTop)
                0x00000001                ASSERT ((__StackLimit >= __HeapLimit), region ram  overflowed with stack)
LOAD ..\obj\stm32f4xx_syscfg.o
LOAD ..\obj\stm32f4xx_usart.o
LOAD ..\obj\startup_stm32f4xx.o
LOAD ..\obj\main.o
LOAD ..\obj\stm32f4xx_rcc.o
LOAD ..\obj\stm32f4xx_adc.o
LOAD ..\obj\stm32f4xx_gpio.o
LOAD ..\obj\system_stm32f4xx.o
LOAD ..\obj\syscalls.o
LOAD ..\obj\stm32f4xx_spi.o
LOAD ..\obj\bsp.o
LOAD ..\obj\stm32f4xx_exti.o
LOAD ..\obj\misc.o
LOAD ..\obj\stm32f4xx_tim.o
START GROUP
LOAD c:/program files (x86)/gnu tools arm embedded/4.8 2014q2/bin/../lib/gcc/arm-none-eabi/4.8.4/armv7e-m\libgcc.a
LOAD c:/program files (x86)/gnu tools arm embedded/4.8 2014q2/bin/../lib/gcc/arm-none-eabi/4.8.4/../../../../arm-none-eabi/lib/armv7e-m\libg.a
LOAD c:/program files (x86)/gnu tools arm embedded/4.8 2014q2/bin/../lib/gcc/arm-none-eabi/4.8.4/../../../../arm-none-eabi/lib/armv7e-m\libc.a
END GROUP
OUTPUT(USART-NivelPotenciometro.elf elf32-littlearm)

.debug_info     0x00000000     0x63de
 .debug_info    0x00000000      0x26c ..\obj\stm32f4xx_syscfg.o
 .debug_info    0x0000026c      0x9c2 ..\obj\stm32f4xx_usart.o
 .debug_info    0x00000c2e       0xed ..\obj\startup_stm32f4xx.o
 .debug_info    0x00000d1b      0x1cb ..\obj\main.o
 .debug_info    0x00000ee6      0xc4d ..\obj\stm32f4xx_rcc.o
 .debug_info    0x00001b33      0xc38 ..\obj\stm32f4xx_adc.o
 .debug_info    0x0000276b      0x602 ..\obj\stm32f4xx_gpio.o
 .debug_info    0x00002d6d      0x3ee ..\obj\syscalls.o
 .debug_info    0x0000315b      0xd9e ..\obj\bsp.o
 .debug_info    0x00003ef9      0x347 ..\obj\stm32f4xx_exti.o
 .debug_info    0x00004240      0x53d ..\obj\misc.o
 .debug_info    0x0000477d     0x1c61 ..\obj\stm32f4xx_tim.o

.debug_abbrev   0x00000000     0x10c9
 .debug_abbrev  0x00000000      0x131 ..\obj\stm32f4xx_syscfg.o
 .debug_abbrev  0x00000131      0x155 ..\obj\stm32f4xx_usart.o
 .debug_abbrev  0x00000286       0xb0 ..\obj\startup_stm32f4xx.o
 .debug_abbrev  0x00000336      0x115 ..\obj\main.o
 .debug_abbrev  0x0000044b      0x1e3 ..\obj\stm32f4xx_rcc.o
 .debug_abbrev  0x0000062e      0x196 ..\obj\stm32f4xx_adc.o
 .debug_abbrev  0x000007c4      0x1a3 ..\obj\stm32f4xx_gpio.o
 .debug_abbrev  0x00000967       0xe2 ..\obj\syscalls.o
 .debug_abbrev  0x00000a49      0x20f ..\obj\bsp.o
 .debug_abbrev  0x00000c58      0x1a5 ..\obj\stm32f4xx_exti.o
 .debug_abbrev  0x00000dfd      0x145 ..\obj\misc.o
 .debug_abbrev  0x00000f42      0x187 ..\obj\stm32f4xx_tim.o

.debug_aranges  0x00000000      0x990
 .debug_aranges
                0x00000000       0x48 ..\obj\stm32f4xx_syscfg.o
 .debug_aranges
                0x00000048      0x100 ..\obj\stm32f4xx_usart.o
 .debug_aranges
                0x00000148       0x28 ..\obj\startup_stm32f4xx.o
 .debug_aranges
                0x00000170       0x40 ..\obj\main.o
 .debug_aranges
                0x000001b0      0x178 ..\obj\stm32f4xx_rcc.o
 .debug_aranges
                0x00000328      0x148 ..\obj\stm32f4xx_adc.o
 .debug_aranges
                0x00000470       0x88 ..\obj\stm32f4xx_gpio.o
 .debug_aranges
                0x000004f8       0x60 ..\obj\syscalls.o
 .debug_aranges
                0x00000558       0xa8 ..\obj\bsp.o
 .debug_aranges
                0x00000600       0x58 ..\obj\stm32f4xx_exti.o
 .debug_aranges
                0x00000658       0x40 ..\obj\misc.o
 .debug_aranges
                0x00000698      0x2f8 ..\obj\stm32f4xx_tim.o

.debug_ranges   0x00000000      0x8d0
 .debug_ranges  0x00000000       0x38 ..\obj\stm32f4xx_syscfg.o
 .debug_ranges  0x00000038       0xf0 ..\obj\stm32f4xx_usart.o
 .debug_ranges  0x00000128       0x18 ..\obj\startup_stm32f4xx.o
 .debug_ranges  0x00000140       0x30 ..\obj\main.o
 .debug_ranges  0x00000170      0x168 ..\obj\stm32f4xx_rcc.o
 .debug_ranges  0x000002d8      0x138 ..\obj\stm32f4xx_adc.o
 .debug_ranges  0x00000410       0x78 ..\obj\stm32f4xx_gpio.o
 .debug_ranges  0x00000488       0x50 ..\obj\syscalls.o
 .debug_ranges  0x000004d8       0x98 ..\obj\bsp.o
 .debug_ranges  0x00000570       0x48 ..\obj\stm32f4xx_exti.o
 .debug_ranges  0x000005b8       0x30 ..\obj\misc.o
 .debug_ranges  0x000005e8      0x2e8 ..\obj\stm32f4xx_tim.o

.debug_line     0x00000000     0x330d
 .debug_line    0x00000000      0x2ad ..\obj\stm32f4xx_syscfg.o
 .debug_line    0x000002ad      0x565 ..\obj\stm32f4xx_usart.o
 .debug_line    0x00000812       0xce ..\obj\startup_stm32f4xx.o
 .debug_line    0x000008e0      0x1e4 ..\obj\main.o
 .debug_line    0x00000ac4      0x65d ..\obj\stm32f4xx_rcc.o
 .debug_line    0x00001121      0x615 ..\obj\stm32f4xx_adc.o
 .debug_line    0x00001736      0x402 ..\obj\stm32f4xx_gpio.o
 .debug_line    0x00001b38      0x1a5 ..\obj\syscalls.o
 .debug_line    0x00001cdd      0x498 ..\obj\bsp.o
 .debug_line    0x00002175      0x368 ..\obj\stm32f4xx_exti.o
 .debug_line    0x000024dd      0x308 ..\obj\misc.o
 .debug_line    0x000027e5      0xb28 ..\obj\stm32f4xx_tim.o

.debug_str      0x00000000     0x31ec
 .debug_str     0x00000000      0x2c3 ..\obj\stm32f4xx_syscfg.o
                                0x321 (size before relaxing)
 .debug_str     0x000002c3      0x50e ..\obj\stm32f4xx_usart.o
                                0x6bc (size before relaxing)
 .debug_str     0x000007d1       0xdd ..\obj\startup_stm32f4xx.o
                                0x174 (size before relaxing)
 .debug_str     0x000008ae      0x135 ..\obj\main.o
                                0x27d (size before relaxing)
 .debug_str     0x000009e3      0x610 ..\obj\stm32f4xx_rcc.o
                                0x87d (size before relaxing)
 .debug_str     0x00000ff3      0x667 ..\obj\stm32f4xx_adc.o
                                0x831 (size before relaxing)
 .debug_str     0x0000165a      0x34f ..\obj\stm32f4xx_gpio.o
                                0x4d0 (size before relaxing)
 .debug_str     0x000019a9      0x190 ..\obj\syscalls.o
                                0x33d (size before relaxing)
 .debug_str     0x00001b39      0x8f8 ..\obj\bsp.o
                                0xe47 (size before relaxing)
 .debug_str     0x00002431      0x12d ..\obj\stm32f4xx_exti.o
                                0x386 (size before relaxing)
 .debug_str     0x0000255e      0x1db ..\obj\misc.o
                                0x3fb (size before relaxing)
 .debug_str     0x00002739      0xab3 ..\obj\stm32f4xx_tim.o
                                0xdfd (size before relaxing)

.comment        0x00000000       0x70
 .comment       0x00000000       0x70 ..\obj\stm32f4xx_syscfg.o
                                 0x71 (size before relaxing)
 .comment       0x00000000       0x71 ..\obj\stm32f4xx_usart.o
 .comment       0x00000000       0x71 ..\obj\startup_stm32f4xx.o
 .comment       0x00000000       0x71 ..\obj\main.o
 .comment       0x00000000       0x71 ..\obj\stm32f4xx_rcc.o
 .comment       0x00000000       0x71 ..\obj\stm32f4xx_adc.o
 .comment       0x00000000       0x71 ..\obj\stm32f4xx_gpio.o
 .comment       0x00000000       0x71 ..\obj\syscalls.o
 .comment       0x00000000       0x71 ..\obj\bsp.o
 .comment       0x00000000       0x71 ..\obj\stm32f4xx_exti.o
 .comment       0x00000000       0x71 ..\obj\misc.o
 .comment       0x00000000       0x71 ..\obj\stm32f4xx_tim.o

.ARM.attributes
                0x00000000       0x31
 .ARM.attributes
                0x00000000       0x33 ..\obj\stm32f4xx_syscfg.o
 .ARM.attributes
                0x00000033       0x33 ..\obj\stm32f4xx_usart.o
 .ARM.attributes
                0x00000066       0x33 ..\obj\startup_stm32f4xx.o
 .ARM.attributes
                0x00000099       0x33 ..\obj\main.o
 .ARM.attributes
                0x000000cc       0x33 ..\obj\stm32f4xx_rcc.o
 .ARM.attributes
                0x000000ff       0x33 ..\obj\stm32f4xx_adc.o
 .ARM.attributes
                0x00000132       0x33 ..\obj\stm32f4xx_gpio.o
 .ARM.attributes
                0x00000165       0x33 ..\obj\syscalls.o
 .ARM.attributes
                0x00000198       0x33 ..\obj\bsp.o
 .ARM.attributes
                0x000001cb       0x33 ..\obj\stm32f4xx_exti.o
 .ARM.attributes
                0x000001fe       0x33 ..\obj\misc.o
 .ARM.attributes
                0x00000231       0x33 ..\obj\stm32f4xx_tim.o
 .ARM.attributes
                0x00000264       0x1e c:/program files (x86)/gnu tools arm embedded/4.8 2014q2/bin/../lib/gcc/arm-none-eabi/4.8.4/armv7e-m\libgcc.a(_arm_addsubdf3.o)
 .ARM.attributes
                0x00000282       0x1e c:/program files (x86)/gnu tools arm embedded/4.8 2014q2/bin/../lib/gcc/arm-none-eabi/4.8.4/armv7e-m\libgcc.a(_arm_muldivdf3.o)
 .ARM.attributes
                0x000002a0       0x1e c:/program files (x86)/gnu tools arm embedded/4.8 2014q2/bin/../lib/gcc/arm-none-eabi/4.8.4/armv7e-m\libgcc.a(_arm_fixunsdfsi.o)
 .ARM.attributes
                0x000002be       0x2e c:/program files (x86)/gnu tools arm embedded/4.8 2014q2/bin/../lib/gcc/arm-none-eabi/4.8.4/../../../../arm-none-eabi/lib/armv7e-m\libg.a(lib_a-sprintf.o)
 .ARM.attributes
                0x000002ec       0x2e c:/program files (x86)/gnu tools arm embedded/4.8 2014q2/bin/../lib/gcc/arm-none-eabi/4.8.4/../../../../arm-none-eabi/lib/armv7e-m\libg.a(lib_a-svfprintf.o)
 .ARM.attributes
                0x0000031a       0x2e c:/program files (x86)/gnu tools arm embedded/4.8 2014q2/bin/../lib/gcc/arm-none-eabi/4.8.4/../../../../arm-none-eabi/lib/armv7e-m\libg.a(lib_a-dtoa.o)
 .ARM.attributes
                0x00000348       0x2e c:/program files (x86)/gnu tools arm embedded/4.8 2014q2/bin/../lib/gcc/arm-none-eabi/4.8.4/../../../../arm-none-eabi/lib/armv7e-m\libg.a(lib_a-impure.o)
 .ARM.attributes
                0x00000376       0x2e c:/program files (x86)/gnu tools arm embedded/4.8 2014q2/bin/../lib/gcc/arm-none-eabi/4.8.4/../../../../arm-none-eabi/lib/armv7e-m\libg.a(lib_a-locale.o)
 .ARM.attributes
                0x000003a4       0x2e c:/program files (x86)/gnu tools arm embedded/4.8 2014q2/bin/../lib/gcc/arm-none-eabi/4.8.4/../../../../arm-none-eabi/lib/armv7e-m\libg.a(lib_a-mallocr.o)
 .ARM.attributes
                0x000003d2       0x2e c:/program files (x86)/gnu tools arm embedded/4.8 2014q2/bin/../lib/gcc/arm-none-eabi/4.8.4/../../../../arm-none-eabi/lib/armv7e-m\libg.a(lib_a-memchr-stub.o)
 .ARM.attributes
                0x00000400       0x1c c:/program files (x86)/gnu tools arm embedded/4.8 2014q2/bin/../lib/gcc/arm-none-eabi/4.8.4/../../../../arm-none-eabi/lib/armv7e-m\libg.a(lib_a-memcpy.o)
 .ARM.attributes
                0x0000041c       0x2e c:/program files (x86)/gnu tools arm embedded/4.8 2014q2/bin/../lib/gcc/arm-none-eabi/4.8.4/../../../../arm-none-eabi/lib/armv7e-m\libg.a(lib_a-mlock.o)
 .ARM.attributes
                0x0000044a       0x2e c:/program files (x86)/gnu tools arm embedded/4.8 2014q2/bin/../lib/gcc/arm-none-eabi/4.8.4/../../../../arm-none-eabi/lib/armv7e-m\libg.a(lib_a-mprec.o)
 .ARM.attributes
                0x00000478       0x2e c:/program files (x86)/gnu tools arm embedded/4.8 2014q2/bin/../lib/gcc/arm-none-eabi/4.8.4/../../../../arm-none-eabi/lib/armv7e-m\libg.a(lib_a-s_fpclassify.o)
 .ARM.attributes
                0x000004a6       0x2e c:/program files (x86)/gnu tools arm embedded/4.8 2014q2/bin/../lib/gcc/arm-none-eabi/4.8.4/../../../../arm-none-eabi/lib/armv7e-m\libg.a(lib_a-sbrkr.o)
 .ARM.attributes
                0x000004d4       0x2e c:/program files (x86)/gnu tools arm embedded/4.8 2014q2/bin/../lib/gcc/arm-none-eabi/4.8.4/../../../../arm-none-eabi/lib/armv7e-m\libg.a(lib_a-strlen.o)
 .ARM.attributes
                0x00000502       0x2e c:/program files (x86)/gnu tools arm embedded/4.8 2014q2/bin/../lib/gcc/arm-none-eabi/4.8.4/../../../../arm-none-eabi/lib/armv7e-m\libg.a(lib_a-svfiprintf.o)
 .ARM.attributes
                0x00000530       0x2e c:/program files (x86)/gnu tools arm embedded/4.8 2014q2/bin/../lib/gcc/arm-none-eabi/4.8.4/../../../../arm-none-eabi/lib/armv7e-m\libg.a(lib_a-callocr.o)
 .ARM.attributes
                0x0000055e       0x2e c:/program files (x86)/gnu tools arm embedded/4.8 2014q2/bin/../lib/gcc/arm-none-eabi/4.8.4/../../../../arm-none-eabi/lib/armv7e-m\libg.a(lib_a-freer.o)
 .ARM.attributes
                0x0000058c       0x2e c:/program files (x86)/gnu tools arm embedded/4.8 2014q2/bin/../lib/gcc/arm-none-eabi/4.8.4/../../../../arm-none-eabi/lib/armv7e-m\libg.a(lib_a-memmove.o)
 .ARM.attributes
                0x000005ba       0x2e c:/program files (x86)/gnu tools arm embedded/4.8 2014q2/bin/../lib/gcc/arm-none-eabi/4.8.4/../../../../arm-none-eabi/lib/armv7e-m\libg.a(lib_a-memset.o)
 .ARM.attributes
                0x000005e8       0x2e c:/program files (x86)/gnu tools arm embedded/4.8 2014q2/bin/../lib/gcc/arm-none-eabi/4.8.4/../../../../arm-none-eabi/lib/armv7e-m\libg.a(lib_a-reallocr.o)
 .ARM.attributes
                0x00000616       0x2e c:/program files (x86)/gnu tools arm embedded/4.8 2014q2/bin/../lib/gcc/arm-none-eabi/4.8.4/../../../../arm-none-eabi/lib/armv7e-m\libg.a(lib_a-reent.o)
 .ARM.attributes
                0x00000644       0x1e c:/program files (x86)/gnu tools arm embedded/4.8 2014q2/bin/../lib/gcc/arm-none-eabi/4.8.4/armv7e-m\libgcc.a(_arm_cmpdf2.o)
 .ARM.attributes
                0x00000662       0x1e c:/program files (x86)/gnu tools arm embedded/4.8 2014q2/bin/../lib/gcc/arm-none-eabi/4.8.4/armv7e-m\libgcc.a(_arm_fixdfsi.o)
 .ARM.attributes
                0x00000680       0x1e c:/program files (x86)/gnu tools arm embedded/4.8 2014q2/bin/../lib/gcc/arm-none-eabi/4.8.4/armv7e-m\libgcc.a(_aeabi_uldivmod.o)
 .ARM.attributes
                0x0000069e       0x2e c:/program files (x86)/gnu tools arm embedded/4.8 2014q2/bin/../lib/gcc/arm-none-eabi/4.8.4/armv7e-m\libgcc.a(bpabi.o)
 .ARM.attributes
                0x000006cc       0x1e c:/program files (x86)/gnu tools arm embedded/4.8 2014q2/bin/../lib/gcc/arm-none-eabi/4.8.4/armv7e-m\libgcc.a(_dvmd_tls.o)
 .ARM.attributes
                0x000006ea       0x2e c:/program files (x86)/gnu tools arm embedded/4.8 2014q2/bin/../lib/gcc/arm-none-eabi/4.8.4/armv7e-m\libgcc.a(_divdi3.o)
 .ARM.attributes
                0x00000718       0x2e c:/program files (x86)/gnu tools arm embedded/4.8 2014q2/bin/../lib/gcc/arm-none-eabi/4.8.4/armv7e-m\libgcc.a(_udivdi3.o)

.debug_frame    0x00000000     0x25c4
 .debug_frame   0x00000000       0xbc ..\obj\stm32f4xx_syscfg.o
 .debug_frame   0x000000bc      0x344 ..\obj\stm32f4xx_usart.o
 .debug_frame   0x00000400       0x48 ..\obj\startup_stm32f4xx.o
 .debug_frame   0x00000448       0xa0 ..\obj\main.o
 .debug_frame   0x000004e8      0x4d8 ..\obj\stm32f4xx_rcc.o
 .debug_frame   0x000009c0      0x434 ..\obj\stm32f4xx_adc.o
 .debug_frame   0x00000df4      0x19c ..\obj\stm32f4xx_gpio.o
 .debug_frame   0x00000f90      0x108 ..\obj\syscalls.o
 .debug_frame   0x00001098      0x22c ..\obj\bsp.o
 .debug_frame   0x000012c4       0xec ..\obj\stm32f4xx_exti.o
 .debug_frame   0x000013b0       0x9c ..\obj\misc.o
 .debug_frame   0x0000144c      0xa3c ..\obj\stm32f4xx_tim.o
 .debug_frame   0x00001e88       0x64 c:/program files (x86)/gnu tools arm embedded/4.8 2014q2/bin/../lib/gcc/arm-none-eabi/4.8.4/../../../../arm-none-eabi/lib/armv7e-m\libg.a(lib_a-sprintf.o)
 .debug_frame   0x00001eec       0x3c c:/program files (x86)/gnu tools arm embedded/4.8 2014q2/bin/../lib/gcc/arm-none-eabi/4.8.4/../../../../arm-none-eabi/lib/armv7e-m\libg.a(lib_a-svfprintf.o)
 .debug_frame   0x00001f28       0x64 c:/program files (x86)/gnu tools arm embedded/4.8 2014q2/bin/../lib/gcc/arm-none-eabi/4.8.4/../../../../arm-none-eabi/lib/armv7e-m\libg.a(lib_a-dtoa.o)
 .debug_frame   0x00001f8c       0x98 c:/program files (x86)/gnu tools arm embedded/4.8 2014q2/bin/../lib/gcc/arm-none-eabi/4.8.4/../../../../arm-none-eabi/lib/armv7e-m\libg.a(lib_a-locale.o)
 .debug_frame   0x00002024       0x38 c:/program files (x86)/gnu tools arm embedded/4.8 2014q2/bin/../lib/gcc/arm-none-eabi/4.8.4/../../../../arm-none-eabi/lib/armv7e-m\libg.a(lib_a-mallocr.o)
 .debug_frame   0x0000205c       0x2c c:/program files (x86)/gnu tools arm embedded/4.8 2014q2/bin/../lib/gcc/arm-none-eabi/4.8.4/../../../../arm-none-eabi/lib/armv7e-m\libg.a(lib_a-memchr-stub.o)
 .debug_frame   0x00002088       0x30 c:/program files (x86)/gnu tools arm embedded/4.8 2014q2/bin/../lib/gcc/arm-none-eabi/4.8.4/../../../../arm-none-eabi/lib/armv7e-m\libg.a(lib_a-mlock.o)
 .debug_frame   0x000020b8      0x22c c:/program files (x86)/gnu tools arm embedded/4.8 2014q2/bin/../lib/gcc/arm-none-eabi/4.8.4/../../../../arm-none-eabi/lib/armv7e-m\libg.a(lib_a-mprec.o)
 .debug_frame   0x000022e4       0x28 c:/program files (x86)/gnu tools arm embedded/4.8 2014q2/bin/../lib/gcc/arm-none-eabi/4.8.4/../../../../arm-none-eabi/lib/armv7e-m\libg.a(lib_a-s_fpclassify.o)
 .debug_frame   0x0000230c       0x2c c:/program files (x86)/gnu tools arm embedded/4.8 2014q2/bin/../lib/gcc/arm-none-eabi/4.8.4/../../../../arm-none-eabi/lib/armv7e-m\libg.a(lib_a-sbrkr.o)
 .debug_frame   0x00002338       0x20 c:/program files (x86)/gnu tools arm embedded/4.8 2014q2/bin/../lib/gcc/arm-none-eabi/4.8.4/../../../../arm-none-eabi/lib/armv7e-m\libg.a(lib_a-strlen.o)
 .debug_frame   0x00002358       0x64 c:/program files (x86)/gnu tools arm embedded/4.8 2014q2/bin/../lib/gcc/arm-none-eabi/4.8.4/../../../../arm-none-eabi/lib/armv7e-m\libg.a(lib_a-svfiprintf.o)
 .debug_frame   0x000023bc       0x28 c:/program files (x86)/gnu tools arm embedded/4.8 2014q2/bin/../lib/gcc/arm-none-eabi/4.8.4/../../../../arm-none-eabi/lib/armv7e-m\libg.a(lib_a-callocr.o)
 .debug_frame   0x000023e4       0x50 c:/program files (x86)/gnu tools arm embedded/4.8 2014q2/bin/../lib/gcc/arm-none-eabi/4.8.4/../../../../arm-none-eabi/lib/armv7e-m\libg.a(lib_a-freer.o)
 .debug_frame   0x00002434       0x2c c:/program files (x86)/gnu tools arm embedded/4.8 2014q2/bin/../lib/gcc/arm-none-eabi/4.8.4/../../../../arm-none-eabi/lib/armv7e-m\libg.a(lib_a-memmove.o)
 .debug_frame   0x00002460       0x2c c:/program files (x86)/gnu tools arm embedded/4.8 2014q2/bin/../lib/gcc/arm-none-eabi/4.8.4/../../../../arm-none-eabi/lib/armv7e-m\libg.a(lib_a-memset.o)
 .debug_frame   0x0000248c       0x38 c:/program files (x86)/gnu tools arm embedded/4.8 2014q2/bin/../lib/gcc/arm-none-eabi/4.8.4/../../../../arm-none-eabi/lib/armv7e-m\libg.a(lib_a-reallocr.o)
 .debug_frame   0x000024c4       0x48 c:/program files (x86)/gnu tools arm embedded/4.8 2014q2/bin/../lib/gcc/arm-none-eabi/4.8.4/../../../../arm-none-eabi/lib/armv7e-m\libg.a(lib_a-reent.o)
 .debug_frame   0x0000250c       0x50 c:/program files (x86)/gnu tools arm embedded/4.8 2014q2/bin/../lib/gcc/arm-none-eabi/4.8.4/armv7e-m\libgcc.a(bpabi.o)
 .debug_frame   0x0000255c       0x34 c:/program files (x86)/gnu tools arm embedded/4.8 2014q2/bin/../lib/gcc/arm-none-eabi/4.8.4/armv7e-m\libgcc.a(_divdi3.o)
 .debug_frame   0x00002590       0x34 c:/program files (x86)/gnu tools arm embedded/4.8 2014q2/bin/../lib/gcc/arm-none-eabi/4.8.4/armv7e-m\libgcc.a(_udivdi3.o)
